[
    {
        "agents": [
            {
                "id": 0,
                "partyId": 1
            },
            {
                "id": 1,
                "partyId": 2
            },
            {
                "id": 2,
                "partyId": 3
            }
        ],
        "coalitions": [
            {
                "mandates": 20,
                "parties": [
                    1
                ]
            },
            {
                "mandates": 25,
                "parties": [
                    2
                ]
            },
            {
                "mandates": 30,
                "parties": [
                    3
                ]
            }
        ],
        "edges": [
            {
                "from": 0,
                "to": 1,
                "weight": 1
            },
            {
                "from": 0,
                "to": 2,
                "weight": 1
            },
            {
                "from": 0,
                "to": 3,
                "weight": 1
            },
            {
                "from": 1,
                "to": 0,
                "weight": 1
            },
            {
                "from": 2,
                "to": 0,
                "weight": 1
            },
            {
                "from": 3,
                "to": 0,
                "weight": 1
            }
        ],
        "parties": [
            {
                "id": 0,
                "mandates": 45,
                "name": "a",
                "state": "Waiting"
            },
            {
                "id": 1,
                "mandates": 20,
                "name": "b",
                "state": "Joined"
            },
            {
                "id": 2,
                "mandates": 25,
                "name": "c",
                "state": "Joined"
            },
            {
                "id": 3,
                "mandates": 30,
                "name": "d",
                "state": "Joined"
            }
        ]
    },
    {
        "agents": [
            {
                "id": 0,
                "partyId": 1
            },
            {
                "id": 1,
                "partyId": 2
            },
            {
                "id": 2,
                "partyId": 3
            }
        ],
        "coalitions": [
            {
                "mandates": 20,
                "parties": [
                    1
                ]
            },
            {
                "mandates": 25,
                "parties": [
                    2
                ]
            },
            {
                "mandates": 30,
                "parties": [
                    3
                ]
            }
        ],
        "edges": [
            {
                "from": 0,
                "to": 1,
                "weight": 1
            },
            {
                "from": 0,
                "to": 2,
                "weight": 1
            },
            {
                "from": 0,
                "to": 3,
                "weight": 1
            },
            {
                "from": 1,
                "to": 0,
                "weight": 1
            },
            {
                "from": 2,
                "to": 0,
                "weight": 1
            },
            {
                "from": 3,
                "to": 0,
                "weight": 1
            }
        ],
        "parties": [
            {
                "id": 0,
                "mandates": 45,
                "name": "a",
                "state": "CollectingOffers"
            },
            {
                "id": 1,
                "mandates": 20,
                "name": "b",
                "state": "Joined"
            },
            {
                "id": 2,
                "mandates": 25,
                "name": "c",
                "state": "Joined"
            },
            {
                "id": 3,
                "mandates": 30,
                "name": "d",
                "state": "Joined"
            }
        ]
    },
    {
        "agents": [
            {
                "id": 0,
                "partyId": 1
            },
            {
                "id": 1,
                "partyId": 2
            },
            {
                "id": 2,
                "partyId": 3
            }
        ],
        "coalitions": [
            {
                "mandates": 20,
                "parties": [
                    1
                ]
            },
            {
                "mandates": 25,
                "parties": [
                    2
                ]
            },
            {
                "mandates": 30,
                "parties": [
                    3
                ]
            }
        ],
        "edges": [
            {
                "from": 0,
                "to": 1,
                "weight": 1
            },
            {
                "from": 0,
                "to": 2,
                "weight": 1
            },
            {
                "from": 0,
                "to": 3,
                "weight": 1
            },
            {
                "from": 1,
                "to": 0,
                "weight": 1
            },
            {
                "from": 2,
                "to": 0,
                "weight": 1
            },
            {
                "from": 3,
                "to": 0,
                "weight": 1
            }
        ],
        "parties": [
            {
                "id": 0,
                "mandates": 45,
                "name": "a",
                "state": "CollectingOffers"
            },
            {
                "id": 1,
                "mandates": 20,
                "name": "b",
                "state": "Joined"
            },
            {
                "id": 2,
                "mandates": 25,
                "name": "c",
                "state": "Joined"
            },
            {
                "id": 3,
                "mandates": 30,
                "name": "d",
                "state": "Joined"
            }
        ]
    },
    {
        "agents": [
            {
                "id": 0,
                "partyId": 1
            },
            {
                "id": 1,
                "partyId": 2
            },
            {
                "id": 2,
                "partyId": 3
            }
        ],
        "coalitions": [
            {
                "mandates": 20,
                "parties": [
                    1
                ]
            },
            {
                "mandates": 25,
                "parties": [
                    2
                ]
            },
            {
                "mandates": 30,
                "parties": [
                    3
                ]
            }
        ],
        "edges": [
            {
                "from": 0,
                "to": 1,
                "weight": 1
            },
            {
                "from": 0,
                "to": 2,
                "weight": 1
            },
            {
                "from": 0,
                "to": 3,
                "weight": 1
            },
            {
                "from": 1,
                "to": 0,
                "weight": 1
            },
            {
                "from": 2,
                "to": 0,
                "weight": 1
            },
            {
                "from": 3,
                "to": 0,
                "weight": 1
            }
        ],
        "parties": [
            {
                "id": 0,
                "mandates": 45,
                "name": "a",
                "state": "CollectingOffers"
            },
            {
                "id": 1,
                "mandates": 20,
                "name": "b",
                "state": "Joined"
            },
            {
                "id": 2,
                "mandates": 25,
                "name": "c",
                "state": "Joined"
            },
            {
                "id": 3,
                "mandates": 30,
                "name": "d",
                "state": "Joined"
            }
        ]
    },
    {
        "agents": [
            {
                "id": 0,
                "partyId": 1
            },
            {
                "id": 1,
                "partyId": 2
            },
            {
                "id": 2,
                "partyId": 3
            },
            {
                "id": 3,
                "partyId": 0
            }
        ],
        "coalitions": [
            {
                "mandates": 20,
                "parties": [
                    1
                ]
            },
            {
                "mandates": 25,
                "parties": [
                    2
                ]
            },
            {
                "mandates": 75,
                "parties": [
                    3,
                    0
                ]
            }
        ],
        "edges": [
            {
                "from": 0,
                "to": 1,
                "weight": 1
            },
            {
                "from": 0,
                "to": 2,
                "weight": 1
            },
            {
                "from": 0,
                "to": 3,
                "weight": 1
            },
            {
                "from": 1,
                "to": 0,
                "weight": 1
            },
            {
                "from": 2,
                "to": 0,
                "weight": 1
            },
            {
                "from": 3,
                "to": 0,
                "weight": 1
            }
        ],
        "parties": [
            {
                "id": 0,
                "mandates": 45,
                "name": "a",
                "state": "Joined"
            },
            {
                "id": 1,
                "mandates": 20,
                "name": "b",
                "state": "Joined"
            },
            {
                "id": 2,
                "mandates": 25,
                "name": "c",
                "state": "Joined"
            },
            {
                "id": 3,
                "mandates": 30,
                "name": "d",
                "state": "Joined"
            }
        ]
    }
]
