[
    {
        "agents": [
            {
                "id": 0,
                "partyId": 0
            }
        ],
        "coalitions": [
            {
                "mandates": 1,
                "parties": [
                    0
                ]
            }
        ],
        "edges": [
            {
                "from": 0,
                "to": 1,
                "weight": 1
            },
            {
                "from": 0,
                "to": 2,
                "weight": 1
            },
            {
                "from": 0,
                "to": 3,
                "weight": 1
            },
            {
                "from": 0,
                "to": 4,
                "weight": 1
            },
            {
                "from": 0,
                "to": 5,
                "weight": 1
            },
            {
                "from": 0,
                "to": 6,
                "weight": 1
            },
            {
                "from": 0,
                "to": 7,
                "weight": 1
            },
            {
                "from": 0,
                "to": 8,
                "weight": 1
            },
            {
                "from": 0,
                "to": 9,
                "weight": 1
            },
            {
                "from": 0,
                "to": 10,
                "weight": 1
            },
            {
                "from": 1,
                "to": 0,
                "weight": 1
            },
            {
                "from": 2,
                "to": 0,
                "weight": 1
            },
            {
                "from": 3,
                "to": 0,
                "weight": 1
            },
            {
                "from": 4,
                "to": 0,
                "weight": 1
            },
            {
                "from": 5,
                "to": 0,
                "weight": 1
            },
            {
                "from": 6,
                "to": 0,
                "weight": 1
            },
            {
                "from": 7,
                "to": 0,
                "weight": 1
            },
            {
                "from": 8,
                "to": 0,
                "weight": 1
            },
            {
                "from": 9,
                "to": 0,
                "weight": 1
            },
            {
                "from": 10,
                "to": 0,
                "weight": 1
            }
        ],
        "parties": [
            {
                "id": 0,
                "mandates": 1,
                "name": "a",
                "state": "Joined"
            },
            {
                "id": 1,
                "mandates": 11,
                "name": "b",
                "state": "Waiting"
            },
            {
                "id": 2,
                "mandates": 12,
                "name": "c",
                "state": "Waiting"
            },
            {
                "id": 3,
                "mandates": 12,
                "name": "d",
                "state": "Waiting"
            },
            {
                "id": 4,
                "mandates": 12,
                "name": "e",
                "state": "Waiting"
            },
            {
                "id": 5,
                "mandates": 12,
                "name": "f",
                "state": "Waiting"
            },
            {
                "id": 6,
                "mandates": 12,
                "name": "g",
                "state": "Waiting"
            },
            {
                "id": 7,
                "mandates": 12,
                "name": "h",
                "state": "Waiting"
            },
            {
                "id": 8,
                "mandates": 12,
                "name": "i",
                "state": "Waiting"
            },
            {
                "id": 9,
                "mandates": 12,
                "name": "j",
                "state": "Waiting"
            },
            {
                "id": 10,
                "mandates": 12,
                "name": "k",
                "state": "Waiting"
            }
        ]
    },
    {
        "agents": [
            {
                "id": 0,
                "partyId": 0
            }
        ],
        "coalitions": [
            {
                "mandates": 1,
                "parties": [
                    0
                ]
            }
        ],
        "edges": [
            {
                "from": 0,
                "to": 1,
                "weight": 1
            },
            {
                "from": 0,
                "to": 2,
                "weight": 1
            },
            {
                "from": 0,
                "to": 3,
                "weight": 1
            },
            {
                "from": 0,
                "to": 4,
                "weight": 1
            },
            {
                "from": 0,
                "to": 5,
                "weight": 1
            },
            {
                "from": 0,
                "to": 6,
                "weight": 1
            },
            {
                "from": 0,
                "to": 7,
                "weight": 1
            },
            {
                "from": 0,
                "to": 8,
                "weight": 1
            },
            {
                "from": 0,
                "to": 9,
                "weight": 1
            },
            {
                "from": 0,
                "to": 10,
                "weight": 1
            },
            {
                "from": 1,
                "to": 0,
                "weight": 1
            },
            {
                "from": 2,
                "to": 0,
                "weight": 1
            },
            {
                "from": 3,
                "to": 0,
                "weight": 1
            },
            {
                "from": 4,
                "to": 0,
                "weight": 1
            },
            {
                "from": 5,
                "to": 0,
                "weight": 1
            },
            {
                "from": 6,
                "to": 0,
                "weight": 1
            },
            {
                "from": 7,
                "to": 0,
                "weight": 1
            },
            {
                "from": 8,
                "to": 0,
                "weight": 1
            },
            {
                "from": 9,
                "to": 0,
                "weight": 1
            },
            {
                "from": 10,
                "to": 0,
                "weight": 1
            }
        ],
        "parties": [
            {
                "id": 0,
                "mandates": 1,
                "name": "a",
                "state": "Joined"
            },
            {
                "id": 1,
                "mandates": 11,
                "name": "b",
                "state": "Waiting"
            },
            {
                "id": 2,
                "mandates": 12,
                "name": "c",
                "state": "CollectingOffers"
            },
            {
                "id": 3,
                "mandates": 12,
                "name": "d",
                "state": "Waiting"
            },
            {
                "id": 4,
                "mandates": 12,
                "name": "e",
                "state": "Waiting"
            },
            {
                "id": 5,
                "mandates": 12,
                "name": "f",
                "state": "Waiting"
            },
            {
                "id": 6,
                "mandates": 12,
                "name": "g",
                "state": "Waiting"
            },
            {
                "id": 7,
                "mandates": 12,
                "name": "h",
                "state": "Waiting"
            },
            {
                "id": 8,
                "mandates": 12,
                "name": "i",
                "state": "Waiting"
            },
            {
                "id": 9,
                "mandates": 12,
                "name": "j",
                "state": "Waiting"
            },
            {
                "id": 10,
                "mandates": 12,
                "name": "k",
                "state": "Waiting"
            }
        ]
    },
    {
        "agents": [
            {
                "id": 0,
                "partyId": 0
            }
        ],
        "coalitions": [
            {
                "mandates": 1,
                "parties": [
                    0
                ]
            }
        ],
        "edges": [
            {
                "from": 0,
                "to": 1,
                "weight": 1
            },
            {
                "from": 0,
                "to": 2,
                "weight": 1
            },
            {
                "from": 0,
                "to": 3,
                "weight": 1
            },
            {
                "from": 0,
                "to": 4,
                "weight": 1
            },
            {
                "from": 0,
                "to": 5,
                "weight": 1
            },
            {
                "from": 0,
                "to": 6,
                "weight": 1
            },
            {
                "from": 0,
                "to": 7,
                "weight": 1
            },
            {
                "from": 0,
                "to": 8,
                "weight": 1
            },
            {
                "from": 0,
                "to": 9,
                "weight": 1
            },
            {
                "from": 0,
                "to": 10,
                "weight": 1
            },
            {
                "from": 1,
                "to": 0,
                "weight": 1
            },
            {
                "from": 2,
                "to": 0,
                "weight": 1
            },
            {
                "from": 3,
                "to": 0,
                "weight": 1
            },
            {
                "from": 4,
                "to": 0,
                "weight": 1
            },
            {
                "from": 5,
                "to": 0,
                "weight": 1
            },
            {
                "from": 6,
                "to": 0,
                "weight": 1
            },
            {
                "from": 7,
                "to": 0,
                "weight": 1
            },
            {
                "from": 8,
                "to": 0,
                "weight": 1
            },
            {
                "from": 9,
                "to": 0,
                "weight": 1
            },
            {
                "from": 10,
                "to": 0,
                "weight": 1
            }
        ],
        "parties": [
            {
                "id": 0,
                "mandates": 1,
                "name": "a",
                "state": "Joined"
            },
            {
                "id": 1,
                "mandates": 11,
                "name": "b",
                "state": "Waiting"
            },
            {
                "id": 2,
                "mandates": 12,
                "name": "c",
                "state": "CollectingOffers"
            },
            {
                "id": 3,
                "mandates": 12,
                "name": "d",
                "state": "CollectingOffers"
            },
            {
                "id": 4,
                "mandates": 12,
                "name": "e",
                "state": "Waiting"
            },
            {
                "id": 5,
                "mandates": 12,
                "name": "f",
                "state": "Waiting"
            },
            {
                "id": 6,
                "mandates": 12,
                "name": "g",
                "state": "Waiting"
            },
            {
                "id": 7,
                "mandates": 12,
                "name": "h",
                "state": "Waiting"
            },
            {
                "id": 8,
                "mandates": 12,
                "name": "i",
                "state": "Waiting"
            },
            {
                "id": 9,
                "mandates": 12,
                "name": "j",
                "state": "Waiting"
            },
            {
                "id": 10,
                "mandates": 12,
                "name": "k",
                "state": "Waiting"
            }
        ]
    },
    {
        "agents": [
            {
                "id": 0,
                "partyId": 0
            }
        ],
        "coalitions": [
            {
                "mandates": 1,
                "parties": [
                    0
                ]
            }
        ],
        "edges": [
            {
                "from": 0,
                "to": 1,
                "weight": 1
            },
            {
                "from": 0,
                "to": 2,
                "weight": 1
            },
            {
                "from": 0,
                "to": 3,
                "weight": 1
            },
            {
                "from": 0,
                "to": 4,
                "weight": 1
            },
            {
                "from": 0,
                "to": 5,
                "weight": 1
            },
            {
                "from": 0,
                "to": 6,
                "weight": 1
            },
            {
                "from": 0,
                "to": 7,
                "weight": 1
            },
            {
                "from": 0,
                "to": 8,
                "weight": 1
            },
            {
                "from": 0,
                "to": 9,
                "weight": 1
            },
            {
                "from": 0,
                "to": 10,
                "weight": 1
            },
            {
                "from": 1,
                "to": 0,
                "weight": 1
            },
            {
                "from": 2,
                "to": 0,
                "weight": 1
            },
            {
                "from": 3,
                "to": 0,
                "weight": 1
            },
            {
                "from": 4,
                "to": 0,
                "weight": 1
            },
            {
                "from": 5,
                "to": 0,
                "weight": 1
            },
            {
                "from": 6,
                "to": 0,
                "weight": 1
            },
            {
                "from": 7,
                "to": 0,
                "weight": 1
            },
            {
                "from": 8,
                "to": 0,
                "weight": 1
            },
            {
                "from": 9,
                "to": 0,
                "weight": 1
            },
            {
                "from": 10,
                "to": 0,
                "weight": 1
            }
        ],
        "parties": [
            {
                "id": 0,
                "mandates": 1,
                "name": "a",
                "state": "Joined"
            },
            {
                "id": 1,
                "mandates": 11,
                "name": "b",
                "state": "Waiting"
            },
            {
                "id": 2,
                "mandates": 12,
                "name": "c",
                "state": "CollectingOffers"
            },
            {
                "id": 3,
                "mandates": 12,
                "name": "d",
                "state": "CollectingOffers"
            },
            {
                "id": 4,
                "mandates": 12,
                "name": "e",
                "state": "CollectingOffers"
            },
            {
                "id": 5,
                "mandates": 12,
                "name": "f",
                "state": "Waiting"
            },
            {
                "id": 6,
                "mandates": 12,
                "name": "g",
                "state": "Waiting"
            },
            {
                "id": 7,
                "mandates": 12,
                "name": "h",
                "state": "Waiting"
            },
            {
                "id": 8,
                "mandates": 12,
                "name": "i",
                "state": "Waiting"
            },
            {
                "id": 9,
                "mandates": 12,
                "name": "j",
                "state": "Waiting"
            },
            {
                "id": 10,
                "mandates": 12,
                "name": "k",
                "state": "Waiting"
            }
        ]
    },
    {
        "agents": [
            {
                "id": 0,
                "partyId": 0
            },
            {
                "id": 1,
                "partyId": 2
            }
        ],
        "coalitions": [
            {
                "mandates": 13,
                "parties": [
                    0,
                    2
                ]
            }
        ],
        "edges": [
            {
                "from": 0,
                "to": 1,
                "weight": 1
            },
            {
                "from": 0,
                "to": 2,
                "weight": 1
            },
            {
                "from": 0,
                "to": 3,
                "weight": 1
            },
            {
                "from": 0,
                "to": 4,
                "weight": 1
            },
            {
                "from": 0,
                "to": 5,
                "weight": 1
            },
            {
                "from": 0,
                "to": 6,
                "weight": 1
            },
            {
                "from": 0,
                "to": 7,
                "weight": 1
            },
            {
                "from": 0,
                "to": 8,
                "weight": 1
            },
            {
                "from": 0,
                "to": 9,
                "weight": 1
            },
            {
                "from": 0,
                "to": 10,
                "weight": 1
            },
            {
                "from": 1,
                "to": 0,
                "weight": 1
            },
            {
                "from": 2,
                "to": 0,
                "weight": 1
            },
            {
                "from": 3,
                "to": 0,
                "weight": 1
            },
            {
                "from": 4,
                "to": 0,
                "weight": 1
            },
            {
                "from": 5,
                "to": 0,
                "weight": 1
            },
            {
                "from": 6,
                "to": 0,
                "weight": 1
            },
            {
                "from": 7,
                "to": 0,
                "weight": 1
            },
            {
                "from": 8,
                "to": 0,
                "weight": 1
            },
            {
                "from": 9,
                "to": 0,
                "weight": 1
            },
            {
                "from": 10,
                "to": 0,
                "weight": 1
            }
        ],
        "parties": [
            {
                "id": 0,
                "mandates": 1,
                "name": "a",
                "state": "Joined"
            },
            {
                "id": 1,
                "mandates": 11,
                "name": "b",
                "state": "Waiting"
            },
            {
                "id": 2,
                "mandates": 12,
                "name": "c",
                "state": "Joined"
            },
            {
                "id": 3,
                "mandates": 12,
                "name": "d",
                "state": "CollectingOffers"
            },
            {
                "id": 4,
                "mandates": 12,
                "name": "e",
                "state": "CollectingOffers"
            },
            {
                "id": 5,
                "mandates": 12,
                "name": "f",
                "state": "CollectingOffers"
            },
            {
                "id": 6,
                "mandates": 12,
                "name": "g",
                "state": "Waiting"
            },
            {
                "id": 7,
                "mandates": 12,
                "name": "h",
                "state": "Waiting"
            },
            {
                "id": 8,
                "mandates": 12,
                "name": "i",
                "state": "Waiting"
            },
            {
                "id": 9,
                "mandates": 12,
                "name": "j",
                "state": "Waiting"
            },
            {
                "id": 10,
                "mandates": 12,
                "name": "k",
                "state": "Waiting"
            }
        ]
    },
    {
        "agents": [
            {
                "id": 0,
                "partyId": 0
            },
            {
                "id": 1,
                "partyId": 2
            },
            {
                "id": 2,
                "partyId": 3
            }
        ],
        "coalitions": [
            {
                "mandates": 25,
                "parties": [
                    0,
                    2,
                    3
                ]
            }
        ],
        "edges": [
            {
                "from": 0,
                "to": 1,
                "weight": 1
            },
            {
                "from": 0,
                "to": 2,
                "weight": 1
            },
            {
                "from": 0,
                "to": 3,
                "weight": 1
            },
            {
                "from": 0,
                "to": 4,
                "weight": 1
            },
            {
                "from": 0,
                "to": 5,
                "weight": 1
            },
            {
                "from": 0,
                "to": 6,
                "weight": 1
            },
            {
                "from": 0,
                "to": 7,
                "weight": 1
            },
            {
                "from": 0,
                "to": 8,
                "weight": 1
            },
            {
                "from": 0,
                "to": 9,
                "weight": 1
            },
            {
                "from": 0,
                "to": 10,
                "weight": 1
            },
            {
                "from": 1,
                "to": 0,
                "weight": 1
            },
            {
                "from": 2,
                "to": 0,
                "weight": 1
            },
            {
                "from": 3,
                "to": 0,
                "weight": 1
            },
            {
                "from": 4,
                "to": 0,
                "weight": 1
            },
            {
                "from": 5,
                "to": 0,
                "weight": 1
            },
            {
                "from": 6,
                "to": 0,
                "weight": 1
            },
            {
                "from": 7,
                "to": 0,
                "weight": 1
            },
            {
                "from": 8,
                "to": 0,
                "weight": 1
            },
            {
                "from": 9,
                "to": 0,
                "weight": 1
            },
            {
                "from": 10,
                "to": 0,
                "weight": 1
            }
        ],
        "parties": [
            {
                "id": 0,
                "mandates": 1,
                "name": "a",
                "state": "Joined"
            },
            {
                "id": 1,
                "mandates": 11,
                "name": "b",
                "state": "Waiting"
            },
            {
                "id": 2,
                "mandates": 12,
                "name": "c",
                "state": "Joined"
            },
            {
                "id": 3,
                "mandates": 12,
                "name": "d",
                "state": "Joined"
            },
            {
                "id": 4,
                "mandates": 12,
                "name": "e",
                "state": "CollectingOffers"
            },
            {
                "id": 5,
                "mandates": 12,
                "name": "f",
                "state": "CollectingOffers"
            },
            {
                "id": 6,
                "mandates": 12,
                "name": "g",
                "state": "CollectingOffers"
            },
            {
                "id": 7,
                "mandates": 12,
                "name": "h",
                "state": "Waiting"
            },
            {
                "id": 8,
                "mandates": 12,
                "name": "i",
                "state": "Waiting"
            },
            {
                "id": 9,
                "mandates": 12,
                "name": "j",
                "state": "Waiting"
            },
            {
                "id": 10,
                "mandates": 12,
                "name": "k",
                "state": "Waiting"
            }
        ]
    },
    {
        "agents": [
            {
                "id": 0,
                "partyId": 0
            },
            {
                "id": 1,
                "partyId": 2
            },
            {
                "id": 2,
                "partyId": 3
            },
            {
                "id": 3,
                "partyId": 4
            }
        ],
        "coalitions": [
            {
                "mandates": 37,
                "parties": [
                    0,
                    2,
                    3,
                    4
                ]
            }
        ],
        "edges": [
            {
                "from": 0,
                "to": 1,
                "weight": 1
            },
            {
                "from": 0,
                "to": 2,
                "weight": 1
            },
            {
                "from": 0,
                "to": 3,
                "weight": 1
            },
            {
                "from": 0,
                "to": 4,
                "weight": 1
            },
            {
                "from": 0,
                "to": 5,
                "weight": 1
            },
            {
                "from": 0,
                "to": 6,
                "weight": 1
            },
            {
                "from": 0,
                "to": 7,
                "weight": 1
            },
            {
                "from": 0,
                "to": 8,
                "weight": 1
            },
            {
                "from": 0,
                "to": 9,
                "weight": 1
            },
            {
                "from": 0,
                "to": 10,
                "weight": 1
            },
            {
                "from": 1,
                "to": 0,
                "weight": 1
            },
            {
                "from": 2,
                "to": 0,
                "weight": 1
            },
            {
                "from": 3,
                "to": 0,
                "weight": 1
            },
            {
                "from": 4,
                "to": 0,
                "weight": 1
            },
            {
                "from": 5,
                "to": 0,
                "weight": 1
            },
            {
                "from": 6,
                "to": 0,
                "weight": 1
            },
            {
                "from": 7,
                "to": 0,
                "weight": 1
            },
            {
                "from": 8,
                "to": 0,
                "weight": 1
            },
            {
                "from": 9,
                "to": 0,
                "weight": 1
            },
            {
                "from": 10,
                "to": 0,
                "weight": 1
            }
        ],
        "parties": [
            {
                "id": 0,
                "mandates": 1,
                "name": "a",
                "state": "Joined"
            },
            {
                "id": 1,
                "mandates": 11,
                "name": "b",
                "state": "Waiting"
            },
            {
                "id": 2,
                "mandates": 12,
                "name": "c",
                "state": "Joined"
            },
            {
                "id": 3,
                "mandates": 12,
                "name": "d",
                "state": "Joined"
            },
            {
                "id": 4,
                "mandates": 12,
                "name": "e",
                "state": "Joined"
            },
            {
                "id": 5,
                "mandates": 12,
                "name": "f",
                "state": "CollectingOffers"
            },
            {
                "id": 6,
                "mandates": 12,
                "name": "g",
                "state": "CollectingOffers"
            },
            {
                "id": 7,
                "mandates": 12,
                "name": "h",
                "state": "CollectingOffers"
            },
            {
                "id": 8,
                "mandates": 12,
                "name": "i",
                "state": "Waiting"
            },
            {
                "id": 9,
                "mandates": 12,
                "name": "j",
                "state": "Waiting"
            },
            {
                "id": 10,
                "mandates": 12,
                "name": "k",
                "state": "Waiting"
            }
        ]
    },
    {
        "agents": [
            {
                "id": 0,
                "partyId": 0
            },
            {
                "id": 1,
                "partyId": 2
            },
            {
                "id": 2,
                "partyId": 3
            },
            {
                "id": 3,
                "partyId": 4
            },
            {
                "id": 4,
                "partyId": 5
            }
        ],
        "coalitions": [
            {
                "mandates": 49,
                "parties": [
                    0,
                    2,
                    3,
                    4,
                    5
                ]
            }
        ],
        "edges": [
            {
                "from": 0,
                "to": 1,
                "weight": 1
            },
            {
                "from": 0,
                "to": 2,
                "weight": 1
            },
            {
                "from": 0,
                "to": 3,
                "weight": 1
            },
            {
                "from": 0,
                "to": 4,
                "weight": 1
            },
            {
                "from": 0,
                "to": 5,
                "weight": 1
            },
            {
                "from": 0,
                "to": 6,
                "weight": 1
            },
            {
                "from": 0,
                "to": 7,
                "weight": 1
            },
            {
                "from": 0,
                "to": 8,
                "weight": 1
            },
            {
                "from": 0,
                "to": 9,
                "weight": 1
            },
            {
                "from": 0,
                "to": 10,
                "weight": 1
            },
            {
                "from": 1,
                "to": 0,
                "weight": 1
            },
            {
                "from": 2,
                "to": 0,
                "weight": 1
            },
            {
                "from": 3,
                "to": 0,
                "weight": 1
            },
            {
                "from": 4,
                "to": 0,
                "weight": 1
            },
            {
                "from": 5,
                "to": 0,
                "weight": 1
            },
            {
                "from": 6,
                "to": 0,
                "weight": 1
            },
            {
                "from": 7,
                "to": 0,
                "weight": 1
            },
            {
                "from": 8,
                "to": 0,
                "weight": 1
            },
            {
                "from": 9,
                "to": 0,
                "weight": 1
            },
            {
                "from": 10,
                "to": 0,
                "weight": 1
            }
        ],
        "parties": [
            {
                "id": 0,
                "mandates": 1,
                "name": "a",
                "state": "Joined"
            },
            {
                "id": 1,
                "mandates": 11,
                "name": "b",
                "state": "Waiting"
            },
            {
                "id": 2,
                "mandates": 12,
                "name": "c",
                "state": "Joined"
            },
            {
                "id": 3,
                "mandates": 12,
                "name": "d",
                "state": "Joined"
            },
            {
                "id": 4,
                "mandates": 12,
                "name": "e",
                "state": "Joined"
            },
            {
                "id": 5,
                "mandates": 12,
                "name": "f",
                "state": "Joined"
            },
            {
                "id": 6,
                "mandates": 12,
                "name": "g",
                "state": "CollectingOffers"
            },
            {
                "id": 7,
                "mandates": 12,
                "name": "h",
                "state": "CollectingOffers"
            },
            {
                "id": 8,
                "mandates": 12,
                "name": "i",
                "state": "CollectingOffers"
            },
            {
                "id": 9,
                "mandates": 12,
                "name": "j",
                "state": "Waiting"
            },
            {
                "id": 10,
                "mandates": 12,
                "name": "k",
                "state": "Waiting"
            }
        ]
    },
    {
        "agents": [
            {
                "id": 0,
                "partyId": 0
            },
            {
                "id": 1,
                "partyId": 2
            },
            {
                "id": 2,
                "partyId": 3
            },
            {
                "id": 3,
                "partyId": 4
            },
            {
                "id": 4,
                "partyId": 5
            },
            {
                "id": 5,
                "partyId": 6
            }
        ],
        "coalitions": [
            {
                "mandates": 61,
                "parties": [
                    0,
                    2,
                    3,
                    4,
                    5,
                    6
                ]
            }
        ],
        "edges": [
            {
                "from": 0,
                "to": 1,
                "weight": 1
            },
            {
                "from": 0,
                "to": 2,
                "weight": 1
            },
            {
                "from": 0,
                "to": 3,
                "weight": 1
            },
            {
                "from": 0,
                "to": 4,
                "weight": 1
            },
            {
                "from": 0,
                "to": 5,
                "weight": 1
            },
            {
                "from": 0,
                "to": 6,
                "weight": 1
            },
            {
                "from": 0,
                "to": 7,
                "weight": 1
            },
            {
                "from": 0,
                "to": 8,
                "weight": 1
            },
            {
                "from": 0,
                "to": 9,
                "weight": 1
            },
            {
                "from": 0,
                "to": 10,
                "weight": 1
            },
            {
                "from": 1,
                "to": 0,
                "weight": 1
            },
            {
                "from": 2,
                "to": 0,
                "weight": 1
            },
            {
                "from": 3,
                "to": 0,
                "weight": 1
            },
            {
                "from": 4,
                "to": 0,
                "weight": 1
            },
            {
                "from": 5,
                "to": 0,
                "weight": 1
            },
            {
                "from": 6,
                "to": 0,
                "weight": 1
            },
            {
                "from": 7,
                "to": 0,
                "weight": 1
            },
            {
                "from": 8,
                "to": 0,
                "weight": 1
            },
            {
                "from": 9,
                "to": 0,
                "weight": 1
            },
            {
                "from": 10,
                "to": 0,
                "weight": 1
            }
        ],
        "parties": [
            {
                "id": 0,
                "mandates": 1,
                "name": "a",
                "state": "Joined"
            },
            {
                "id": 1,
                "mandates": 11,
                "name": "b",
                "state": "Waiting"
            },
            {
                "id": 2,
                "mandates": 12,
                "name": "c",
                "state": "Joined"
            },
            {
                "id": 3,
                "mandates": 12,
                "name": "d",
                "state": "Joined"
            },
            {
                "id": 4,
                "mandates": 12,
                "name": "e",
                "state": "Joined"
            },
            {
                "id": 5,
                "mandates": 12,
                "name": "f",
                "state": "Joined"
            },
            {
                "id": 6,
                "mandates": 12,
                "name": "g",
                "state": "Joined"
            },
            {
                "id": 7,
                "mandates": 12,
                "name": "h",
                "state": "CollectingOffers"
            },
            {
                "id": 8,
                "mandates": 12,
                "name": "i",
                "state": "CollectingOffers"
            },
            {
                "id": 9,
                "mandates": 12,
                "name": "j",
                "state": "CollectingOffers"
            },
            {
                "id": 10,
                "mandates": 12,
                "name": "k",
                "state": "Waiting"
            }
        ]
    }
]
