[
    {
        "agents": [
            {
                "id": 0,
                "partyId": 0
            },
            {
                "id": 1,
                "partyId": 2
            },
            {
                "id": 2,
                "partyId": 4
            }
        ],
        "coalitions": [
            {
                "mandates": 20,
                "parties": [
                    0
                ]
            },
            {
                "mandates": 20,
                "parties": [
                    2
                ]
            },
            {
                "mandates": 20,
                "parties": [
                    4
                ]
            }
        ],
        "edges": [
            {
                "from": 0,
                "to": 1,
                "weight": 1
            },
            {
                "from": 1,
                "to": 0,
                "weight": 1
            },
            {
                "from": 2,
                "to": 3,
                "weight": 1
            },
            {
                "from": 3,
                "to": 2,
                "weight": 1
            },
            {
                "from": 4,
                "to": 5,
                "weight": 1
            },
            {
                "from": 5,
                "to": 4,
                "weight": 1
            }
        ],
        "parties": [
            {
                "id": 0,
                "mandates": 20,
                "name": "1",
                "state": "Joined"
            },
            {
                "id": 1,
                "mandates": 20,
                "name": "2",
                "state": "Waiting"
            },
            {
                "id": 2,
                "mandates": 20,
                "name": "3",
                "state": "Joined"
            },
            {
                "id": 3,
                "mandates": 20,
                "name": "4",
                "state": "Waiting"
            },
            {
                "id": 4,
                "mandates": 20,
                "name": "5",
                "state": "Joined"
            },
            {
                "id": 5,
                "mandates": 20,
                "name": "6",
                "state": "Waiting"
            }
        ]
    },
    {
        "agents": [
            {
                "id": 0,
                "partyId": 0
            },
            {
                "id": 1,
                "partyId": 2
            },
            {
                "id": 2,
                "partyId": 4
            }
        ],
        "coalitions": [
            {
                "mandates": 20,
                "parties": [
                    0
                ]
            },
            {
                "mandates": 20,
                "parties": [
                    2
                ]
            },
            {
                "mandates": 20,
                "parties": [
                    4
                ]
            }
        ],
        "edges": [
            {
                "from": 0,
                "to": 1,
                "weight": 1
            },
            {
                "from": 1,
                "to": 0,
                "weight": 1
            },
            {
                "from": 2,
                "to": 3,
                "weight": 1
            },
            {
                "from": 3,
                "to": 2,
                "weight": 1
            },
            {
                "from": 4,
                "to": 5,
                "weight": 1
            },
            {
                "from": 5,
                "to": 4,
                "weight": 1
            }
        ],
        "parties": [
            {
                "id": 0,
                "mandates": 20,
                "name": "1",
                "state": "Joined"
            },
            {
                "id": 1,
                "mandates": 20,
                "name": "2",
                "state": "CollectingOffers"
            },
            {
                "id": 2,
                "mandates": 20,
                "name": "3",
                "state": "Joined"
            },
            {
                "id": 3,
                "mandates": 20,
                "name": "4",
                "state": "CollectingOffers"
            },
            {
                "id": 4,
                "mandates": 20,
                "name": "5",
                "state": "Joined"
            },
            {
                "id": 5,
                "mandates": 20,
                "name": "6",
                "state": "CollectingOffers"
            }
        ]
    },
    {
        "agents": [
            {
                "id": 0,
                "partyId": 0
            },
            {
                "id": 1,
                "partyId": 2
            },
            {
                "id": 2,
                "partyId": 4
            }
        ],
        "coalitions": [
            {
                "mandates": 20,
                "parties": [
                    0
                ]
            },
            {
                "mandates": 20,
                "parties": [
                    2
                ]
            },
            {
                "mandates": 20,
                "parties": [
                    4
                ]
            }
        ],
        "edges": [
            {
                "from": 0,
                "to": 1,
                "weight": 1
            },
            {
                "from": 1,
                "to": 0,
                "weight": 1
            },
            {
                "from": 2,
                "to": 3,
                "weight": 1
            },
            {
                "from": 3,
                "to": 2,
                "weight": 1
            },
            {
                "from": 4,
                "to": 5,
                "weight": 1
            },
            {
                "from": 5,
                "to": 4,
                "weight": 1
            }
        ],
        "parties": [
            {
                "id": 0,
                "mandates": 20,
                "name": "1",
                "state": "Joined"
            },
            {
                "id": 1,
                "mandates": 20,
                "name": "2",
                "state": "CollectingOffers"
            },
            {
                "id": 2,
                "mandates": 20,
                "name": "3",
                "state": "Joined"
            },
            {
                "id": 3,
                "mandates": 20,
                "name": "4",
                "state": "CollectingOffers"
            },
            {
                "id": 4,
                "mandates": 20,
                "name": "5",
                "state": "Joined"
            },
            {
                "id": 5,
                "mandates": 20,
                "name": "6",
                "state": "CollectingOffers"
            }
        ]
    },
    {
        "agents": [
            {
                "id": 0,
                "partyId": 0
            },
            {
                "id": 1,
                "partyId": 2
            },
            {
                "id": 2,
                "partyId": 4
            }
        ],
        "coalitions": [
            {
                "mandates": 20,
                "parties": [
                    0
                ]
            },
            {
                "mandates": 20,
                "parties": [
                    2
                ]
            },
            {
                "mandates": 20,
                "parties": [
                    4
                ]
            }
        ],
        "edges": [
            {
                "from": 0,
                "to": 1,
                "weight": 1
            },
            {
                "from": 1,
                "to": 0,
                "weight": 1
            },
            {
                "from": 2,
                "to": 3,
                "weight": 1
            },
            {
                "from": 3,
                "to": 2,
                "weight": 1
            },
            {
                "from": 4,
                "to": 5,
                "weight": 1
            },
            {
                "from": 5,
                "to": 4,
                "weight": 1
            }
        ],
        "parties": [
            {
                "id": 0,
                "mandates": 20,
                "name": "1",
                "state": "Joined"
            },
            {
                "id": 1,
                "mandates": 20,
                "name": "2",
                "state": "CollectingOffers"
            },
            {
                "id": 2,
                "mandates": 20,
                "name": "3",
                "state": "Joined"
            },
            {
                "id": 3,
                "mandates": 20,
                "name": "4",
                "state": "CollectingOffers"
            },
            {
                "id": 4,
                "mandates": 20,
                "name": "5",
                "state": "Joined"
            },
            {
                "id": 5,
                "mandates": 20,
                "name": "6",
                "state": "CollectingOffers"
            }
        ]
    },
    {
        "agents": [
            {
                "id": 0,
                "partyId": 0
            },
            {
                "id": 1,
                "partyId": 2
            },
            {
                "id": 2,
                "partyId": 4
            },
            {
                "id": 3,
                "partyId": 1
            },
            {
                "id": 4,
                "partyId": 3
            },
            {
                "id": 5,
                "partyId": 5
            }
        ],
        "coalitions": [
            {
                "mandates": 40,
                "parties": [
                    0,
                    1
                ]
            },
            {
                "mandates": 40,
                "parties": [
                    2,
                    3
                ]
            },
            {
                "mandates": 40,
                "parties": [
                    4,
                    5
                ]
            }
        ],
        "edges": [
            {
                "from": 0,
                "to": 1,
                "weight": 1
            },
            {
                "from": 1,
                "to": 0,
                "weight": 1
            },
            {
                "from": 2,
                "to": 3,
                "weight": 1
            },
            {
                "from": 3,
                "to": 2,
                "weight": 1
            },
            {
                "from": 4,
                "to": 5,
                "weight": 1
            },
            {
                "from": 5,
                "to": 4,
                "weight": 1
            }
        ],
        "parties": [
            {
                "id": 0,
                "mandates": 20,
                "name": "1",
                "state": "Joined"
            },
            {
                "id": 1,
                "mandates": 20,
                "name": "2",
                "state": "Joined"
            },
            {
                "id": 2,
                "mandates": 20,
                "name": "3",
                "state": "Joined"
            },
            {
                "id": 3,
                "mandates": 20,
                "name": "4",
                "state": "Joined"
            },
            {
                "id": 4,
                "mandates": 20,
                "name": "5",
                "state": "Joined"
            },
            {
                "id": 5,
                "mandates": 20,
                "name": "6",
                "state": "Joined"
            }
        ]
    }
]
